2025-01-07 14:36:53 INFO: Object Output Stream has saved the list of the System users!!
2025-01-07 14:36:53 INFO: The system has saved a user! 
2025-01-07 14:36:53 INFO: The system has registered a new user! Bakka
2025-01-07 14:37:15 INFO: The user exited the program
2025-01-07 14:42:05 INFO: While loading! No users present initially
2025-01-07 14:42:13 INFO: Object Output Stream has saved the list of the System users!!
2025-01-07 14:42:13 INFO: The system has registered a new user! Bakka
2025-01-07 14:42:15 INFO: The user exited the program
2025-01-07 14:42:18 INFO: While loading! No users present initially
2025-01-07 14:43:35 INFO: While loading! No users present initially
2025-01-07 14:43:45 INFO: Object Output Stream has saved the list of the System users!!
2025-01-07 14:43:45 INFO: The system has registered a new user! Bakka
2025-01-07 14:43:51 INFO: The user exited the program
2025-01-07 14:43:56 INFO: While loading! No users present initially
2025-01-07 14:46:43 INFO: The user exited the program
2025-01-07 14:48:10 INFO: While loading! No users present initially
2025-01-07 14:48:17 INFO: The system has registered a new user! Bakka
2025-01-07 14:48:17 INFO: Object Output Stream has saved the list of the System users!!
2025-01-07 14:48:19 INFO: The user exited the program
2025-01-07 14:48:22 INFO: While loading! No users present initially
2025-01-07 15:17:15 INFO: While loading! No users present initially
2025-01-07 15:17:18 INFO: The user exited the program
2025-01-07 15:23:18 INFO: While loading! No users present initially
2025-01-07 15:23:18 INFO: The system has registered a new user! Bakka
2025-01-07 15:23:18 INFO: Object Output Stream has saved the list of the System users!!
2025-01-07 15:25:22 INFO: While loading! No users present initially
2025-01-07 15:25:22 INFO: The system has registered a new user! Bakka
2025-01-07 15:25:22 INFO: Object Output Stream has saved the list of the System users!!
